---
source: crates/atom/src/uri/tests/mod.rs
assertion_line: 57
expression: results
---
- "https://github.com/foo/bar^master"
- "https://bitbucket.org/^refs/heads/my-work"
- "https://gitlab.com/bar/baz"
- "https://github.com/nixos/nixpkgs^main"
- "ssh://git@github.com/owner/repo^master"
