---
source: crates/atom/src/uri/tests/mod.rs
expression: results
---
- scheme: ~
  user: ~
  pass: ~
  alias: gl
  frag: repo
  atom: atom
  version: ^2.0
- scheme: ~
  user: ~
  pass: ~
  alias: gl
  frag: ~
  atom: atom
  version: ^2.1
- scheme: ~
  user: ~
  pass: ~
  alias: gl
  frag: path.with/dot
  atom: my-atom
  version: ^2
- scheme: ~
  user: git
  pass: ~
  alias: ~
  frag: "github.com:owner/repo"
  atom: this-atom
  version: ^1
- scheme: ~
  user: git
  pass: ~
  alias: gh
  frag: owner/repo
  atom: this-atom
  version: ^1
- scheme: https
  user: ~
  pass: ~
  alias: ~
  frag: "example.com/owner/repo:8080"
  atom: foo
  version: ^1
- scheme: https
  user: ~
  pass: ~
  alias: ~
  frag: foo.com/owner/repo
  atom: bar
  version: ^1
- scheme: https
  user: ~
  pass: ~
  alias: gh
  frag: owner/repo
  atom: Î»
  version: ^1
- scheme: https
  user: user
  pass: password
  alias: ~
  frag: example.com/my/repo
  atom: id
  version: ^0.2
- scheme: ~
  user: ~
  pass: ~
  alias: gh
  frag: owner/repo
  atom: yep
  version: ^1
- scheme: ~
  user: ~
  pass: ~
  alias: bb
  frag: ~
  atom: yep
  version: ^1
- scheme: ~
  user: ~
  pass: ~
  alias: ~
  frag: foo/bar/baz
  atom: my-atom
  version: ~
- scheme: ~
  user: ~
  pass: ~
  alias: ~
  frag: /foo/bar/baz
  atom: my-atom
  version: ~
- scheme: ~
  user: ~
  pass: ~
  alias: ~
  frag: "my.ssh.com:my/repo"
  atom: hello
  version: ~
- scheme: ~
  user: ~
  pass: ~
  alias: ~
  frag: ~
  atom: foo
  version: ^0.8
- scheme: ~
  user: ~
  pass: ~
  alias: ~
  frag: ~
  atom: foo
  version: ~
- scheme: ~
  user: ~
  pass: ~
  alias: ~
  frag: ~
  atom: foo
  version: ~
